I'm sorry, but errors were detected in your script. Please correct the
errors listed below, and try again.


The label start is defined twice, at
  File "game/globals.rpyc", line 45 and
  File "game/script.rpy", line 46.

Ren'Py Version: Ren'Py 7.3.5.606
Wed Nov 18 19:24:02 2020
